Input: 
(5min, 40)
(30sec, 40, easy)
(5min, 60)
(30sec, 40, easy)
(5min, 65)
(30sec, 40, easy)
10[(2min, 75), (20sec, 40, easy)]
(5min, 40, easy)
15[(30sec, 100), (20sec, 40, easy)]
(5min, 40, easy)
Titles: 
(0;300) 40%
(300;330) easy
(330;630) 60%
(630;660) easy
(660;960) 65%
(960;990) easy
(990;1110) 75% 1/10
(1110;1130) easy 1/10
(1130;1250) 75% 2/10
(1250;1270) easy 2/10
(1270;1390) 75% 3/10
(1390;1410) easy 3/10
(1410;1530) 75% 4/10
(1530;1550) easy 4/10
(1550;1670) 75% 5/10
(1670;1690) easy 5/10
(1690;1810) 75% 6/10
(1810;1830) easy 6/10
(1830;1950) 75% 7/10
(1950;1970) easy 7/10
(1970;2090) 75% 8/10
(2090;2110) easy 8/10
(2110;2230) 75% 9/10
(2230;2250) easy 9/10
(2250;2370) 75% 10/10
(2370;2390) easy 10/10
(2390;2690) easy
(2690;2720) 100% 1/15
(2720;2740) easy 1/15
(2740;2770) 100% 2/15
(2770;2790) easy 2/15
(2790;2820) 100% 3/15
(2820;2840) easy 3/15
(2840;2870) 100% 4/15
(2870;2890) easy 4/15
(2890;2920) 100% 5/15
(2920;2940) easy 5/15
(2940;2970) 100% 6/15
(2970;2990) easy 6/15
(2990;3020) 100% 7/15
(3020;3040) easy 7/15
(3040;3070) 100% 8/15
(3070;3090) easy 8/15
(3090;3120) 100% 9/15
(3120;3140) easy 9/15
(3140;3170) 100% 10/15
(3170;3190) easy 10/15
(3190;3220) 100% 11/15
(3220;3240) easy 11/15
(3240;3270) 100% 12/15
(3270;3290) easy 12/15
(3290;3320) 100% 13/15
(3320;3340) easy 13/15
(3340;3370) 100% 14/15
(3370;3390) easy 14/15
(3390;3420) 100% 15/15
(3420;3440) easy 15/15
(3440;3740) easy
----------------------------
Input: 
(5min, 40)
(30sec, 40, easy)
8[(30s, descend 1-4), (10s, 40)]
(30sec, 40, easy)
10[(90s, 75), (30sec, 100), (40sec, 40, easy)]
(5min, 40, easy)
10[(15s, max), (45s, easy)]
(5min, 40, easy)
Titles: 
(0;300) 40%
(300;330) easy
(330;360) descend 1-4 1/8
(360;370) 40% 1/8
(370;400) descend 1-4 2/8
(400;410) 40% 2/8
(410;440) descend 1-4 3/8
(440;450) 40% 3/8
(450;480) descend 1-4 4/8
(480;490) 40% 4/8
(490;520) descend 1-4 5/8
(520;530) 40% 5/8
(530;560) descend 1-4 6/8
(560;570) 40% 6/8
(570;600) descend 1-4 7/8
(600;610) 40% 7/8
(610;640) descend 1-4 8/8
(640;650) 40% 8/8
(650;680) easy
(680;770) 75% 1/10
(770;800) 100% 1/10
(800;840) easy 1/10
(840;930) 75% 2/10
(930;960) 100% 2/10
(960;1000) easy 2/10
(1000;1090) 75% 3/10
(1090;1120) 100% 3/10
(1120;1160) easy 3/10
(1160;1250) 75% 4/10
(1250;1280) 100% 4/10
(1280;1320) easy 4/10
(1320;1410) 75% 5/10
(1410;1440) 100% 5/10
(1440;1480) easy 5/10
(1480;1570) 75% 6/10
(1570;1600) 100% 6/10
(1600;1640) easy 6/10
(1640;1730) 75% 7/10
(1730;1760) 100% 7/10
(1760;1800) easy 7/10
(1800;1890) 75% 8/10
(1890;1920) 100% 8/10
(1920;1960) easy 8/10
(1960;2050) 75% 9/10
(2050;2080) 100% 9/10
(2080;2120) easy 9/10
(2120;2210) 75% 10/10
(2210;2240) 100% 10/10
(2240;2280) easy 10/10
(2280;2580) easy
(2580;2595) max 1/10
(2595;2640) easy 1/10
(2640;2655) max 2/10
(2655;2700) easy 2/10
(2700;2715) max 3/10
(2715;2760) easy 3/10
(2760;2775) max 4/10
(2775;2820) easy 4/10
(2820;2835) max 5/10
(2835;2880) easy 5/10
(2880;2895) max 6/10
(2895;2940) easy 6/10
(2940;2955) max 7/10
(2955;3000) easy 7/10
(3000;3015) max 8/10
(3015;3060) easy 8/10
(3060;3075) max 9/10
(3075;3120) easy 9/10
(3120;3135) max 10/10
(3135;3180) easy 10/10
(3180;3480) easy
----------------------------
Input: 
(60s, 100, 10s, work)
Titles: 
(0;60) work
(60;70) rest
----------------------------
----------------------------
